PUBLIC CLASS ID(Countdown) LBRACE PUBLIC STATIC VOID MAIN LPAREN STRING LBRACKET RBRACKET ID(args) RPAREN LBRACE ID(printCountdown) LPAREN INTEGER(5) RPAREN SEMICOLON RBRACE PUBLIC VOID ID(printCountdown) LPAREN INT ID(n) RPAREN LBRACE INT ID(count) BECOMES INTEGER(0) SEMICOLON WHILE LPAREN ID(count) LESS ID(n) RPAREN LBRACE PRINT LPAREN ID(count) RPAREN SEMICOLON ID(count) BECOMES ID(count) PLUS INTEGER(1) SEMICOLON RBRACE INT ID(display) BECOMES INTEGER(5) SEMICOLON INT ID(print) BECOMES MINUS INTEGER(1) SEMICOLON RBRACE RBRACE